******************************************************************************
             TMS320C2000 Linker PC v22.6.0                     
******************************************************************************
>> Linked Sat Dec 17 20:03:57 2022

OUTPUT FILE NAME:   <Solar MPPT IPEG - 2022-2023.out>
ENTRY POINT SYMBOL: "code_start"  address: 00000000


MEMORY CONFIGURATION

         name            origin    length      used     unused   attr    fill
----------------------  --------  ---------  --------  --------  ----  --------
PAGE 0:
  BEGIN                 00000000   00000002  00000002  00000000  RWIX
  RAMM0                 00000123   000002dd  00000018  000002c5  RWIX
  RAMLS0                00008000   00000800  000006ee  00000112  RWIX
  RAMLS1                00008800   00000800  00000000  00000800  RWIX
  RAMLS2                00009000   00000800  00000000  00000800  RWIX
  RAMLS3                00009800   00000800  00000000  00000800  RWIX
  RAMLS4                0000a000   00000800  00000000  00000800  RWIX
  RAMD0                 0000b000   00000800  00000800  00000000  RWIX
  FLASHA                00080002   00001ffe  00000000  00001ffe  RWIX
  FLASHB                00082000   00002000  00000000  00002000  RWIX
  FLASHC                00084000   00002000  00000000  00002000  RWIX
  FLASHD                00086000   00002000  00000000  00002000  RWIX
  FLASHE                00088000   00008000  00000000  00008000  RWIX
  FLASHF                00090000   00008000  00000000  00008000  RWIX
  FLASHG                00098000   00008000  00000000  00008000  RWIX
  FLASHH                000a0000   00008000  00000000  00008000  RWIX
  FLASHI                000a8000   00008000  00000000  00008000  RWIX
  FLASHJ                000b0000   00008000  00000000  00008000  RWIX
  FLASHK                000b8000   00002000  00000000  00002000  RWIX
  FLASHL                000ba000   00002000  00000000  00002000  RWIX
  FLASHM                000bc000   00002000  00000000  00002000  RWIX
  FLASHN                000be000   00001ff0  00000000  00001ff0  RWIX
  RESET                 003fffc0   00000002  00000000  00000002  RWIX

PAGE 1:
  BOOT_RSVD             00000002   00000121  00000000  00000121  RWIX
  RAMM1                 00000400   000003f8  00000100  000002f8  RWIX
  RAMLS5                0000a800   00000800  0000025f  000005a1  RWIX
  RAMD1                 0000b800   00000800  00000000  00000800  RWIX
  RAMGS0                0000c000   00001000  00000000  00001000  RWIX
  RAMGS1                0000d000   00001000  00000000  00001000  RWIX
  RAMGS2                0000e000   00001000  00000000  00001000  RWIX
  RAMGS3                0000f000   00001000  00000000  00001000  RWIX
  RAMGS4                00010000   00001000  00000000  00001000  RWIX
  RAMGS5                00011000   00001000  00000000  00001000  RWIX
  RAMGS6                00012000   00001000  00000000  00001000  RWIX
  RAMGS7                00013000   00001000  00000000  00001000  RWIX
  RAMGS8                00014000   00001000  00000000  00001000  RWIX
  RAMGS9                00015000   00001000  00000000  00001000  RWIX
  RAMGS10               00016000   00001000  00000000  00001000  RWIX
  RAMGS11               00017000   00001000  00000000  00001000  RWIX
  RAMGS12               00018000   00001000  00000000  00001000  RWIX
  RAMGS13               00019000   00001000  00000000  00001000  RWIX
  RAMGS14               0001a000   00001000  00000000  00001000  RWIX
  RAMGS15               0001b000   00000ff8  00000000  00000ff8  RWIX
  CPU2TOCPU1RAM         0003f800   00000400  00000000  00000400  RWIX
  CPU1TOCPU2RAM         0003fc00   00000400  00000000  00000400  RWIX
  CANA_MSG_RAM          00049000   00000800  00000000  00000800  RWIX
  CANB_MSG_RAM          0004b000   00000800  00000000  00000800  RWIX


SECTION ALLOCATION MAP

 output                                  attributes/
section   page    origin      length       input sections
--------  ----  ----------  ----------   ----------------
codestart 
*          0    00000000    00000002     
                  00000000    00000002     F2837xD_CodeStartBranch.obj (codestart)

.cinit     0    00000128    00000014     
                  00000128    00000009     (.cinit..data.load) [load image, compression = lzss]
                  00000131    00000001     --HOLE-- [fill = 0]
                  00000132    00000004     (__TI_handler_table)
                  00000136    00000002     --HOLE-- [fill = 0]
                  00000138    00000004     (__TI_cinit_table)

.reset     0    003fffc0    00000000     DSECT

.stack     1    00000400    00000100     UNINITIALIZED
                  00000400    00000100     --HOLE--

.init_array 
*          0    00000123    00000000     UNINITIALIZED

.const     1    0000a800    0000024f     
                  0000a800    000000c2     driverlib_eabi.lib : sysctl.obj (.const:.string)
                  0000a8c2    000000bc                        : gpio.obj (.const:.string)
                  0000a97e    00000060     adcConfig.obj (.const:.string)
                  0000a9de    0000005d     driverlib_eabi.lib : adc.obj (.const:.string)
                  0000aa3b    00000001     --HOLE-- [fill = 0]
                  0000aa3c    00000013     device.obj (.const:.string)

.data      1    0000aa50    00000010     UNINITIALIZED
                  0000aa50    00000006     device.obj (.data)
                  0000aa56    00000006     rts2800_fpu32_eabi.lib : exit.c.obj (.data)
                  0000aa5c    00000002                            : _lock.c.obj (.data:_lock)
                  0000aa5e    00000002                            : _lock.c.obj (.data:_unlock)

.TI.ramfunc 
*          0    00000123    00000004     
                  00000123    00000004     driverlib_eabi.lib : sysctl.obj (.TI.ramfunc)

GETBUFFER 
*          0    0003f800    00000000     DSECT

GETWRITEIDX 
*          0    0003f800    00000000     DSECT

PUTREADIDX 
*          0    0003f800    00000000     DSECT

.text.1    0    00008000    000006ee     
                  00008000    00000207     driverlib_eabi.lib : sysctl.obj (.text:SysCtl_setClock)
                  00008207    00000068                        : sysctl.obj (.text:SysCtl_getDeviceParametric)
                  0000826f    00000064                        : adc.obj (.text:ADC_setOffsetTrim)
                  000082d3    00000054                        : sysctl.obj (.text:SysCtl_selectOscSource)
                  00008327    00000051                        : sysctl.obj (.text:SysCtl_getClock)
                  00008378    00000038                        : gpio.obj (.text:GPIO_setMasterCore)
                  000083b0    00000038                        : gpio.obj (.text:GPIO_setQualificationMode)
                  000083e8    00000037                        : gpio.obj (.text:GPIO_setPinConfig)
                  0000841f    00000031                        : gpio.obj (.text:GPIO_setDirectionMode)
                  00008450    0000002f                        : adc.obj (.text:ADC_setMode)
                  0000847f    0000002e     rts2800_fpu32_eabi.lib : copy_decompress_lzss.c.obj (.text:decompress:lzss)
                  000084ad    0000002b                            : autoinit.c.obj (.text:__TI_auto_init_nobinit_nopinit)
                  000084d8    00000029                            : exit.c.obj (.text)
                  00008501    00000024     driverlib_eabi.lib : sysctl.obj (.text:CPUTimer_selectClockSource)
                  00008525    00000020                        : sysctl.obj (.text:CPUTimer_getTimerOverflowStatus)
                  00008545    00000020     main.obj (.text)
                  00008565    0000001f     driverlib_eabi.lib : adc.obj (.text:ADC_isBaseValid)
                  00008584    0000001e                        : interrupt.obj (.text:Interrupt_initVectorTable)
                  000085a2    0000001d     rts2800_fpu32_eabi.lib : memcpy.c.obj (.text)
                  000085bf    0000001b     driverlib_eabi.lib : sysctl.obj (.text:CPUTimer_startTimer)
                  000085da    0000001a                        : sysctl.obj (.text:CPUTimer_isBaseValid)
                  000085f4    0000001a                        : sysctl.obj (.text:SysCtl_getLowSpeedClock)
                  0000860e    00000019                        : sysctl.obj (.text:SysCtl_pollCpuTimer)
                  00008627    00000017     rts2800_fpu32_eabi.lib : boot28.asm.obj (.text)
                  0000863e    00000014     driverlib_eabi.lib : sysctl.obj (.text:CPUTimer_stopTimer)
                  00008652    00000012                        : sysctl.obj (.text:CPUTimer_clearOverflowFlag)
                  00008664    00000012                        : sysctl.obj (.text:CPUTimer_disableInterrupt)
                  00008676    00000012                        : sysctl.obj (.text:CPUTimer_setPeriod)
                  00008688    0000000e                        : gpio.obj (.text:GPIO_isPinValid)
                  00008696    0000000e                        : interrupt.obj (.text:Interrupt_defaultHandler)
                  000086a4    0000000d                        : interrupt.obj (.text:Interrupt_disableMaster)
                  000086b1    0000000c     rts2800_fpu32_eabi.lib : args_main.c.obj (.text)
                  000086bd    0000000b     driverlib_eabi.lib : sysctl.obj (.text:SysCtl_isMCDClockFailureDetected)
                  000086c8    00000009     rts2800_fpu32_eabi.lib : _lock.c.obj (.text)
                  000086d1    00000008     F2837xD_CodeStartBranch.obj (.text)
                  000086d9    00000008     rts2800_fpu32_eabi.lib : copy_decompress_none.c.obj (.text:decompress:none)
                  000086e1    00000007     driverlib_eabi.lib : sysctl.obj (.text:SysCtl_resetMCD)
                  000086e8    00000002                        : interrupt.obj (.text:Interrupt_illegalOperationHandler)
                  000086ea    00000002                        : interrupt.obj (.text:Interrupt_nmiHandler)
                  000086ec    00000002     rts2800_fpu32_eabi.lib : pre_init.c.obj (.text)

.text.2    0    0000b000    00000800     
                  0000b000    000003fc     device.obj (.text)
                  0000b3fc    00000257     adcConfig.obj (.text)
                  0000b653    00000088     rts2800_fpu32_eabi.lib : fs_div28.asm.obj (.text)
                  0000b6db    00000073     driverlib_eabi.lib : adc.obj (.text:ADC_setINLTrim)
                  0000b74e    0000006b                        : sysctl.obj (.text:SysCtl_selectXTAL)
                  0000b7b9    0000003d                        : interrupt.obj (.text:Interrupt_initModule)
                  0000b7f6    00000009                        : sysctl.obj (.text:SysCtl_serviceWatchdog)
                  0000b7ff    00000001     rts2800_fpu32_eabi.lib : startup.c.obj (.text)

MODULE SUMMARY

       Module                        code   ro data   rw data
       ------                        ----   -------   -------
    .\
       adcConfig.obj                 599    96        0      
       main.obj                      32     0         0      
    +--+-----------------------------+------+---------+---------+
       Total:                        631    96        0      
                                                             
    .\device\
       device.obj                    1020   19        6      
       F2837xD_CodeStartBranch.obj   10     0         0      
    +--+-----------------------------+------+---------+---------+
       Total:                        1030   19        6      
                                                             
    C:\Users\Ridwan Alrefai\Desktop\ti\c2000\C2000Ware_4_01_00_00\driverlib\f2837xd\driverlib\ccs\Debug\driverlib_eabi.lib
       sysctl.obj                    1172   194       0      
       gpio.obj                      230    188       0      
       adc.obj                       293    93        0      
       interrupt.obj                 122    0         0      
    +--+-----------------------------+------+---------+---------+
       Total:                        1817   475       0      
                                                             
    D:\ti\ccs1210\ccs\tools\compiler\ti-cgt-c2000_22.6.0.LTS\lib\rts2800_fpu32_eabi.lib
       fs_div28.asm.obj              136    0         0      
       exit.c.obj                    41     0         6      
       copy_decompress_lzss.c.obj    46     0         0      
       autoinit.c.obj                43     0         0      
       memcpy.c.obj                  29     0         0      
       boot28.asm.obj                23     0         0      
       _lock.c.obj                   9      0         4      
       args_main.c.obj               12     0         0      
       copy_decompress_none.c.obj    8      0         0      
       pre_init.c.obj                2      0         0      
       startup.c.obj                 1      0         0      
    +--+-----------------------------+------+---------+---------+
       Total:                        350    0         10     
                                                             
       Stack:                        0      0         256    
       Linker Generated:             0      17        0      
    +--+-----------------------------+------+---------+---------+
       Grand Total:                  3828   607       272    


LINKER GENERATED COPY TABLES

__TI_cinit_table @ 00000138 records: 1, size/record: 4, table size: 4
	.data: load addr=00000128, load size=00000009 bytes, run addr=0000aa50, run size=00000010 bytes, compression=lzss


LINKER GENERATED HANDLER TABLE

__TI_handler_table @ 00000132 records: 2, size/record: 2, table size: 4
	index: 0, handler: __TI_decompress_lzss
	index: 1, handler: __TI_decompress_none


GLOBAL DATA SYMBOLS: SORTED BY DATA PAGE

address     data page           name
--------    ----------------    ----
00000400      10 (00000400)     __stack

0000aa50     2a9 (0000aa40)     Example_Result
0000aa52     2a9 (0000aa40)     Example_PassCount
0000aa54     2a9 (0000aa40)     Example_Fail
0000aa56     2a9 (0000aa40)     __TI_enable_exit_profile_output
0000aa58     2a9 (0000aa40)     __TI_cleanup_ptr
0000aa5a     2a9 (0000aa40)     __TI_dtors_ptr
0000aa5c     2a9 (0000aa40)     _lock
0000aa5e     2a9 (0000aa40)     _unlock


GLOBAL SYMBOLS: SORTED ALPHABETICALLY BY Name 

page  address   name                                     
----  -------   ----                                     
0     0000b6db  ADC_setINLTrim                           
0     00008450  ADC_setMode                              
0     0000826f  ADC_setOffsetTrim                        
0     000084d8  C$$EXIT                                  
0     0000b270  Device_bootCPU2                          
0     0000b23f  Device_configureTMXAnalogTrim            
0     0000b0ed  Device_enableAllPeripherals              
0     0000b229  Device_enableUnbondedGPIOPullups         
0     0000b20c  Device_enableUnbondedGPIOPullupsFor100Pin
0     0000b1f9  Device_enableUnbondedGPIOPullupsFor176Pin
0     0000b0ab  Device_init                              
0     0000b1d8  Device_initGPIO                          
1     0000aa54  Example_Fail                             
1     0000aa52  Example_PassCount                        
1     0000aa50  Example_Result                           
0     0000b3fb  Example_done                             
0     0000b3f6  Example_setResultFail                    
0     0000b3f1  Example_setResultPass                    
0     0000841f  GPIO_setDirectionMode                    
0     00008378  GPIO_setMasterCore                       
0     000083e8  GPIO_setPinConfig                        
0     000083b0  GPIO_setQualificationMode                
0     0000b7b9  Interrupt_initModule                     
0     00008584  Interrupt_initVectorTable                
0     00000123  SysCtl_delay                             
0     00008327  SysCtl_getClock                          
0     00008207  SysCtl_getDeviceParametric               
0     000085f4  SysCtl_getLowSpeedClock                  
0     000082d3  SysCtl_selectOscSource                   
0     0000b74e  SysCtl_selectXTAL                        
0     00008000  SysCtl_setClock                          
0     00000138  __TI_CINIT_Base                          
0     0000013c  __TI_CINIT_Limit                         
0     0000013c  __TI_CINIT_Warm                          
0     00000132  __TI_Handler_Table_Base                  
0     00000136  __TI_Handler_Table_Limit                 
1     00000500  __TI_STACK_END                           
abs   00000100  __TI_STACK_SIZE                          
0     000084ad  __TI_auto_init_nobinit_nopinit           
1     0000aa58  __TI_cleanup_ptr                         
0     0000847f  __TI_decompress_lzss                     
0     000086d9  __TI_decompress_none                     
1     0000aa5a  __TI_dtors_ptr                           
1     0000aa56  __TI_enable_exit_profile_output          
abs   ffffffff  __TI_pprof_out_hndl                      
abs   ffffffff  __TI_prof_data_size                      
abs   ffffffff  __TI_prof_data_start                     
0     0000b653  __c28xabi_divf                           
n/a   UNDEFED   __c_args__                               
0     0000b3ea  __error__                                
1     00000400  __stack                                  
0     000086b1  _args_main                               
0     00008627  _c_int00                                 
1     0000aa5c  _lock                                    
0     000086d0  _nop                                     
0     000086cc  _register_lock                           
0     000086c8  _register_unlock                         
0     0000b7ff  _system_post_cinit                       
0     000086ec  _system_pre_init                         
1     0000aa5e  _unlock                                  
0     000084d8  abort                                    
0     00000000  code_start                               
0     0000b521  configureADC                             
0     0000b539  continuousADCConfig                      
0     000084da  exit                                     
0     00008545  main                                     
0     000085a2  memcpy                                   


GLOBAL SYMBOLS: SORTED BY Symbol Address 

page  address   name                                     
----  -------   ----                                     
0     00000000  code_start                               
0     00000123  SysCtl_delay                             
0     00000132  __TI_Handler_Table_Base                  
0     00000136  __TI_Handler_Table_Limit                 
0     00000138  __TI_CINIT_Base                          
0     0000013c  __TI_CINIT_Limit                         
0     0000013c  __TI_CINIT_Warm                          
0     00008000  SysCtl_setClock                          
0     00008207  SysCtl_getDeviceParametric               
0     0000826f  ADC_setOffsetTrim                        
0     000082d3  SysCtl_selectOscSource                   
0     00008327  SysCtl_getClock                          
0     00008378  GPIO_setMasterCore                       
0     000083b0  GPIO_setQualificationMode                
0     000083e8  GPIO_setPinConfig                        
0     0000841f  GPIO_setDirectionMode                    
0     00008450  ADC_setMode                              
0     0000847f  __TI_decompress_lzss                     
0     000084ad  __TI_auto_init_nobinit_nopinit           
0     000084d8  C$$EXIT                                  
0     000084d8  abort                                    
0     000084da  exit                                     
0     00008545  main                                     
0     00008584  Interrupt_initVectorTable                
0     000085a2  memcpy                                   
0     000085f4  SysCtl_getLowSpeedClock                  
0     00008627  _c_int00                                 
0     000086b1  _args_main                               
0     000086c8  _register_unlock                         
0     000086cc  _register_lock                           
0     000086d0  _nop                                     
0     000086d9  __TI_decompress_none                     
0     000086ec  _system_pre_init                         
0     0000b0ab  Device_init                              
0     0000b0ed  Device_enableAllPeripherals              
0     0000b1d8  Device_initGPIO                          
0     0000b1f9  Device_enableUnbondedGPIOPullupsFor176Pin
0     0000b20c  Device_enableUnbondedGPIOPullupsFor100Pin
0     0000b229  Device_enableUnbondedGPIOPullups         
0     0000b23f  Device_configureTMXAnalogTrim            
0     0000b270  Device_bootCPU2                          
0     0000b3ea  __error__                                
0     0000b3f1  Example_setResultPass                    
0     0000b3f6  Example_setResultFail                    
0     0000b3fb  Example_done                             
0     0000b521  configureADC                             
0     0000b539  continuousADCConfig                      
0     0000b653  __c28xabi_divf                           
0     0000b6db  ADC_setINLTrim                           
0     0000b74e  SysCtl_selectXTAL                        
0     0000b7b9  Interrupt_initModule                     
0     0000b7ff  _system_post_cinit                       
1     00000400  __stack                                  
1     00000500  __TI_STACK_END                           
1     0000aa50  Example_Result                           
1     0000aa52  Example_PassCount                        
1     0000aa54  Example_Fail                             
1     0000aa56  __TI_enable_exit_profile_output          
1     0000aa58  __TI_cleanup_ptr                         
1     0000aa5a  __TI_dtors_ptr                           
1     0000aa5c  _lock                                    
1     0000aa5e  _unlock                                  
abs   00000100  __TI_STACK_SIZE                          
abs   ffffffff  __TI_pprof_out_hndl                      
abs   ffffffff  __TI_prof_data_size                      
abs   ffffffff  __TI_prof_data_start                     
n/a   UNDEFED   __c_args__                               

[67 symbols]
