******************************************************************************
             TMS320C2000 Linker PC v22.6.0                     
******************************************************************************
>> Linked Thu Jan  5 01:00:20 2023

OUTPUT FILE NAME:   <Solar MPPT IPEG - 2022-2023.out>
ENTRY POINT SYMBOL: "code_start"  address: 00000000


MEMORY CONFIGURATION

         name            origin    length      used     unused   attr    fill
----------------------  --------  ---------  --------  --------  ----  --------
PAGE 0:
  BEGIN                 00000000   00000002  00000002  00000000  RWIX
  RAMM0                 00000123   000002dd  00000020  000002bd  RWIX
  RAMLS0                00008000   00000800  00000800  00000000  RWIX
  RAMLS1                00008800   00000800  00000080  00000780  RWIX
  RAMLS2                00009000   00000800  00000000  00000800  RWIX
  RAMLS3                00009800   00000800  00000000  00000800  RWIX
  RAMLS4                0000a000   00000800  00000000  00000800  RWIX
  RAMD0                 0000b000   00000800  00000800  00000000  RWIX
  FLASHA                00080002   00001ffe  00000000  00001ffe  RWIX
  FLASHB                00082000   00002000  00000000  00002000  RWIX
  FLASHC                00084000   00002000  00000000  00002000  RWIX
  FLASHD                00086000   00002000  00000000  00002000  RWIX
  FLASHE                00088000   00008000  00000000  00008000  RWIX
  FLASHF                00090000   00008000  00000000  00008000  RWIX
  FLASHG                00098000   00008000  00000000  00008000  RWIX
  FLASHH                000a0000   00008000  00000000  00008000  RWIX
  FLASHI                000a8000   00008000  00000000  00008000  RWIX
  FLASHJ                000b0000   00008000  00000000  00008000  RWIX
  FLASHK                000b8000   00002000  00000000  00002000  RWIX
  FLASHL                000ba000   00002000  00000000  00002000  RWIX
  FLASHM                000bc000   00002000  00000000  00002000  RWIX
  FLASHN                000be000   00001ff0  00000000  00001ff0  RWIX
  RESET                 003fffc0   00000002  00000000  00000002  RWIX

PAGE 1:
  BOOT_RSVD             00000002   00000121  00000000  00000121  RWIX
  RAMM1                 00000400   000003f8  00000100  000002f8  RWIX
  RAMLS5                0000a800   00000800  00000395  0000046b  RWIX
  RAMD1                 0000b800   00000800  00000000  00000800  RWIX
  RAMGS0                0000c000   00001000  00000000  00001000  RWIX
  RAMGS1                0000d000   00001000  00000000  00001000  RWIX
  RAMGS2                0000e000   00001000  00000000  00001000  RWIX
  RAMGS3                0000f000   00001000  00000000  00001000  RWIX
  RAMGS4                00010000   00001000  00000000  00001000  RWIX
  RAMGS5                00011000   00001000  00000000  00001000  RWIX
  RAMGS6                00012000   00001000  00000000  00001000  RWIX
  RAMGS7                00013000   00001000  00000000  00001000  RWIX
  RAMGS8                00014000   00001000  00000000  00001000  RWIX
  RAMGS9                00015000   00001000  00000000  00001000  RWIX
  RAMGS10               00016000   00001000  00000000  00001000  RWIX
  RAMGS11               00017000   00001000  00000000  00001000  RWIX
  RAMGS12               00018000   00001000  00000000  00001000  RWIX
  RAMGS13               00019000   00001000  00000000  00001000  RWIX
  RAMGS14               0001a000   00001000  00000000  00001000  RWIX
  RAMGS15               0001b000   00000ff8  00000000  00000ff8  RWIX
  CPU2TOCPU1RAM         0003f800   00000400  00000000  00000400  RWIX
  CPU1TOCPU2RAM         0003fc00   00000400  00000000  00000400  RWIX
  CANA_MSG_RAM          00049000   00000800  00000000  00000800  RWIX
  CANB_MSG_RAM          0004b000   00000800  00000000  00000800  RWIX


SECTION ALLOCATION MAP

 output                                  attributes/
section   page    origin      length       input sections
--------  ----  ----------  ----------   ----------------
codestart 
*          0    00000000    00000002     
                  00000000    00000002     F2837xD_CodeStartBranch.obj (codestart)

.cinit     0    00000128    0000001c     
                  00000128    00000009     (.cinit..data.load) [load image, compression = lzss]
                  00000131    00000001     --HOLE-- [fill = 0]
                  00000132    00000006     (__TI_handler_table)
                  00000138    00000004     (.cinit..bss.load) [load image, compression = zero_init]
                  0000013c    00000008     (__TI_cinit_table)

.reset     0    003fffc0    00000000     DSECT

.stack     1    00000400    00000100     UNINITIALIZED
                  00000400    00000100     --HOLE--

.bss       1    0000ab80    00000012     UNINITIALIZED
                  0000ab80    00000012     main.obj (.bss)

.init_array 
*          0    00000123    00000000     UNINITIALIZED

.const     1    0000a800    00000373     
                  0000a800    000000c2     driverlib_eabi.lib : sysctl.obj (.const:.string)
                  0000a8c2    000000c1     main.obj (.const:.string)
                  0000a983    00000001     --HOLE-- [fill = 0]
                  0000a984    000000bc     driverlib_eabi.lib : gpio.obj (.const:.string)
                  0000aa40    00000061     adcPWM.obj (.const:.string)
                  0000aaa1    00000001     --HOLE-- [fill = 0]
                  0000aaa2    00000060     adcConfig.obj (.const:.string)
                  0000ab02    0000005d     driverlib_eabi.lib : adc.obj (.const:.string)
                  0000ab5f    00000001     --HOLE-- [fill = 0]
                  0000ab60    00000013     device.obj (.const:.string)

.data      1    0000ab92    00000010     UNINITIALIZED
                  0000ab92    00000006     device.obj (.data)
                  0000ab98    00000006     rts2800_fpu32_eabi.lib : exit.c.obj (.data)
                  0000ab9e    00000002                            : _lock.c.obj (.data:_lock)
                  0000aba0    00000002                            : _lock.c.obj (.data:_unlock)

.TI.ramfunc 
*          0    00000123    00000004     
                  00000123    00000004     driverlib_eabi.lib : sysctl.obj (.TI.ramfunc)

GETBUFFER 
*          0    0003f800    00000000     DSECT

GETWRITEIDX 
*          0    0003f800    00000000     DSECT

PUTREADIDX 
*          0    0003f800    00000000     DSECT

.text.1    0    00008000    00000800     
                  00008000    00000136     main.obj (.text)
                  00008136    00000130     adcConfig.obj (.text)
                  00008266    00000088     rts2800_fpu32_eabi.lib : fs_div28.asm.obj (.text)
                  000082ee    00000073     driverlib_eabi.lib : adc.obj (.text:ADC_setINLTrim)
                  00008361    0000006b                        : sysctl.obj (.text:SysCtl_selectXTAL)
                  000083cc    00000068                        : sysctl.obj (.text:SysCtl_getDeviceParametric)
                  00008434    00000054                        : sysctl.obj (.text:SysCtl_selectOscSource)
                  00008488    00000051                        : sysctl.obj (.text:SysCtl_getClock)
                  000084d9    0000003d                        : interrupt.obj (.text:Interrupt_initModule)
                  00008516    00000038                        : gpio.obj (.text:GPIO_setMasterCore)
                  0000854e    00000038                        : gpio.obj (.text:GPIO_setQualificationMode)
                  00008586    00000037                        : gpio.obj (.text:GPIO_setPinConfig)
                  000085bd    00000031                        : gpio.obj (.text:GPIO_setDirectionMode)
                  000085ee    0000002f                        : adc.obj (.text:ADC_setMode)
                  0000861d    0000002e     rts2800_fpu32_eabi.lib : copy_decompress_lzss.c.obj (.text:decompress:lzss)
                  0000864b    0000002b                            : autoinit.c.obj (.text:__TI_auto_init_nobinit_nopinit)
                  00008676    00000029                            : exit.c.obj (.text)
                  0000869f    00000024     driverlib_eabi.lib : sysctl.obj (.text:CPUTimer_selectClockSource)
                  000086c3    00000020                        : sysctl.obj (.text:CPUTimer_getTimerOverflowStatus)
                  000086e3    0000001f                        : adc.obj (.text:ADC_isBaseValid)
                  00008702    0000001e                        : interrupt.obj (.text:Interrupt_initVectorTable)
                  00008720    0000001d     rts2800_fpu32_eabi.lib : memcpy.c.obj (.text)
                  0000873d    0000001b     driverlib_eabi.lib : sysctl.obj (.text:CPUTimer_startTimer)
                  00008758    0000001a                        : sysctl.obj (.text:CPUTimer_isBaseValid)
                  00008772    0000001a                        : sysctl.obj (.text:SysCtl_getLowSpeedClock)
                  0000878c    00000019                        : sysctl.obj (.text:SysCtl_pollCpuTimer)
                  000087a5    00000017     rts2800_fpu32_eabi.lib : boot28.asm.obj (.text)
                  000087bc    00000014     driverlib_eabi.lib : sysctl.obj (.text:CPUTimer_stopTimer)
                  000087d0    00000012                        : sysctl.obj (.text:CPUTimer_clearOverflowFlag)
                  000087e2    00000012                        : sysctl.obj (.text:CPUTimer_disableInterrupt)
                  000087f4    0000000c     rts2800_fpu32_eabi.lib : args_main.c.obj (.text)

.text.2    0    00008800    00000080     
                  00008800    00000012     driverlib_eabi.lib : sysctl.obj (.text:CPUTimer_setPeriod)
                  00008812    0000000e                        : gpio.obj (.text:GPIO_isPinValid)
                  00008820    0000000e                        : interrupt.obj (.text:Interrupt_defaultHandler)
                  0000882e    0000000d                        : interrupt.obj (.text:Interrupt_disableMaster)
                  0000883b    0000000d     rts2800_fpu32_eabi.lib : copy_zero_init.c.obj (.text:decompress:ZI:__TI_zero_init_nomemset)
                  00008848    0000000b     driverlib_eabi.lib : sysctl.obj (.text:SysCtl_isMCDClockFailureDetected)
                  00008853    00000009                        : sysctl.obj (.text:SysCtl_serviceWatchdog)
                  0000885c    00000009     rts2800_fpu32_eabi.lib : _lock.c.obj (.text)
                  00008865    00000008     F2837xD_CodeStartBranch.obj (.text)
                  0000886d    00000008     rts2800_fpu32_eabi.lib : copy_decompress_none.c.obj (.text:decompress:none)
                  00008875    00000007     driverlib_eabi.lib : sysctl.obj (.text:SysCtl_resetMCD)
                  0000887c    00000002                        : interrupt.obj (.text:Interrupt_nmiHandler)
                  0000887e    00000002     rts2800_fpu32_eabi.lib : pre_init.c.obj (.text)

.text.3    0    0000b000    00000800     
                  0000b000    000003fc     device.obj (.text)
                  0000b3fc    00000207     driverlib_eabi.lib : sysctl.obj (.text:SysCtl_setClock)
                  0000b603    00000196     adcPWM.obj (.text)
                  0000b799    00000064     driverlib_eabi.lib : adc.obj (.text:ADC_setOffsetTrim)
                  0000b7fd    00000002                        : interrupt.obj (.text:Interrupt_illegalOperationHandler)
                  0000b7ff    00000001     rts2800_fpu32_eabi.lib : startup.c.obj (.text)

MODULE SUMMARY

       Module                        code   ro data   rw data
       ------                        ----   -------   -------
    .\
       main.obj                      310    193       18     
       adcPWM.obj                    406    97        0      
       adcConfig.obj                 304    96        0      
    +--+-----------------------------+------+---------+---------+
       Total:                        1020   386       18     
                                                             
    .\device\
       device.obj                    1020   19        6      
       F2837xD_CodeStartBranch.obj   10     0         0      
    +--+-----------------------------+------+---------+---------+
       Total:                        1030   19        6      
                                                             
    C:\Users\Ridwan Alrefai\Desktop\ti\c2000\C2000Ware_4_01_00_00\driverlib\f2837xd\driverlib\ccs\Debug\driverlib_eabi.lib
       sysctl.obj                    1172   194       0      
       gpio.obj                      230    188       0      
       adc.obj                       293    93        0      
       interrupt.obj                 122    0         0      
    +--+-----------------------------+------+---------+---------+
       Total:                        1817   475       0      
                                                             
    D:\ti\ccs1210\ccs\tools\compiler\ti-cgt-c2000_22.6.0.LTS\lib\rts2800_fpu32_eabi.lib
       fs_div28.asm.obj              136    0         0      
       exit.c.obj                    41     0         6      
       copy_decompress_lzss.c.obj    46     0         0      
       autoinit.c.obj                43     0         0      
       memcpy.c.obj                  29     0         0      
       boot28.asm.obj                23     0         0      
       _lock.c.obj                   9      0         4      
       copy_zero_init.c.obj          13     0         0      
       args_main.c.obj               12     0         0      
       copy_decompress_none.c.obj    8      0         0      
       pre_init.c.obj                2      0         0      
       startup.c.obj                 1      0         0      
    +--+-----------------------------+------+---------+---------+
       Total:                        363    0         10     
                                                             
       Stack:                        0      0         256    
       Linker Generated:             0      27        0      
    +--+-----------------------------+------+---------+---------+
       Grand Total:                  4230   907       290    


LINKER GENERATED COPY TABLES

__TI_cinit_table @ 0000013c records: 2, size/record: 4, table size: 8
	.data: load addr=00000128, load size=00000009 bytes, run addr=0000ab92, run size=00000010 bytes, compression=lzss
	.bss: load addr=00000138, load size=00000004 bytes, run addr=0000ab80, run size=00000012 bytes, compression=zero_init


LINKER GENERATED HANDLER TABLE

__TI_handler_table @ 00000132 records: 3, size/record: 2, table size: 6
	index: 0, handler: __TI_zero_init
	index: 1, handler: __TI_decompress_lzss
	index: 2, handler: __TI_decompress_none


GLOBAL DATA SYMBOLS: SORTED BY DATA PAGE

address     data page           name
--------    ----------------    ----
00000400      10 (00000400)     __stack

0000ab80     2ae (0000ab80)     adcAResults1
0000ab81     2ae (0000ab80)     adcAResults2
0000ab82     2ae (0000ab80)     current_in
0000ab84     2ae (0000ab80)     current_out
0000ab86     2ae (0000ab80)     voltage_in
0000ab88     2ae (0000ab80)     voltage_out
0000ab8a     2ae (0000ab80)     power_in
0000ab8c     2ae (0000ab80)     power_out
0000ab8e     2ae (0000ab80)     prev_power_in
0000ab90     2ae (0000ab80)     prev_power_out
0000ab92     2ae (0000ab80)     Example_Result
0000ab94     2ae (0000ab80)     Example_PassCount
0000ab96     2ae (0000ab80)     Example_Fail
0000ab98     2ae (0000ab80)     __TI_enable_exit_profile_output
0000ab9a     2ae (0000ab80)     __TI_cleanup_ptr
0000ab9c     2ae (0000ab80)     __TI_dtors_ptr
0000ab9e     2ae (0000ab80)     _lock
0000aba0     2ae (0000ab80)     _unlock


GLOBAL SYMBOLS: SORTED ALPHABETICALLY BY Name 

page  address   name                                     
----  -------   ----                                     
0     000082ee  ADC_setINLTrim                           
0     000085ee  ADC_setMode                              
0     0000b799  ADC_setOffsetTrim                        
0     00008676  C$$EXIT                                  
0     0000b270  Device_bootCPU2                          
0     0000b23f  Device_configureTMXAnalogTrim            
0     0000b0ed  Device_enableAllPeripherals              
0     0000b229  Device_enableUnbondedGPIOPullups         
0     0000b20c  Device_enableUnbondedGPIOPullupsFor100Pin
0     0000b1f9  Device_enableUnbondedGPIOPullupsFor176Pin
0     0000b0ab  Device_init                              
0     0000b1d8  Device_initGPIO                          
1     0000ab96  Example_Fail                             
1     0000ab94  Example_PassCount                        
1     0000ab92  Example_Result                           
0     0000b3fb  Example_done                             
0     0000b3f6  Example_setResultFail                    
0     0000b3f1  Example_setResultPass                    
0     000085bd  GPIO_setDirectionMode                    
0     00008516  GPIO_setMasterCore                       
0     00008586  GPIO_setPinConfig                        
0     0000854e  GPIO_setQualificationMode                
0     000084d9  Interrupt_initModule                     
0     00008702  Interrupt_initVectorTable                
0     00000123  SysCtl_delay                             
0     00008488  SysCtl_getClock                          
0     000083cc  SysCtl_getDeviceParametric               
0     00008772  SysCtl_getLowSpeedClock                  
0     00008434  SysCtl_selectOscSource                   
0     00008361  SysCtl_selectXTAL                        
0     0000b3fc  SysCtl_setClock                          
0     0000013c  __TI_CINIT_Base                          
0     00000144  __TI_CINIT_Limit                         
0     00000144  __TI_CINIT_Warm                          
0     00000132  __TI_Handler_Table_Base                  
0     00000138  __TI_Handler_Table_Limit                 
1     00000500  __TI_STACK_END                           
abs   00000100  __TI_STACK_SIZE                          
0     0000864b  __TI_auto_init_nobinit_nopinit           
1     0000ab9a  __TI_cleanup_ptr                         
0     0000861d  __TI_decompress_lzss                     
0     0000886d  __TI_decompress_none                     
1     0000ab9c  __TI_dtors_ptr                           
1     0000ab98  __TI_enable_exit_profile_output          
abs   ffffffff  __TI_pprof_out_hndl                      
abs   ffffffff  __TI_prof_data_size                      
abs   ffffffff  __TI_prof_data_start                     
0     0000883b  __TI_zero_init_nomemset                  
0     00008266  __c28xabi_divf                           
n/a   UNDEFED   __c_args__                               
0     0000b3ea  __error__                                
1     00000400  __stack                                  
0     000087f4  _args_main                               
0     000087a5  _c_int00                                 
1     0000ab9e  _lock                                    
0     00008864  _nop                                     
0     00008860  _register_lock                           
0     0000885c  _register_unlock                         
0     0000b7ff  _system_post_cinit                       
0     0000887e  _system_pre_init                         
1     0000aba0  _unlock                                  
0     00008676  abort                                    
1     0000ab80  adcAResults1                             
1     0000ab81  adcAResults2                             
0     00000000  code_start                               
0     00008220  configureADC                             
1     0000ab82  current_in                               
1     0000ab84  current_out                              
0     00008678  exit                                     
0     0000b76f  initEPWM1                                
0     00008238  initSOCs                                 
0     000080ef  main                                     
0     00008720  memcpy                                   
1     0000ab8a  power_in                                 
1     0000ab8c  power_out                                
1     0000ab8e  prev_power_in                            
1     0000ab90  prev_power_out                           
1     0000ab86  voltage_in                               
1     0000ab88  voltage_out                              


GLOBAL SYMBOLS: SORTED BY Symbol Address 

page  address   name                                     
----  -------   ----                                     
0     00000000  code_start                               
0     00000123  SysCtl_delay                             
0     00000132  __TI_Handler_Table_Base                  
0     00000138  __TI_Handler_Table_Limit                 
0     0000013c  __TI_CINIT_Base                          
0     00000144  __TI_CINIT_Limit                         
0     00000144  __TI_CINIT_Warm                          
0     000080ef  main                                     
0     00008220  configureADC                             
0     00008238  initSOCs                                 
0     00008266  __c28xabi_divf                           
0     000082ee  ADC_setINLTrim                           
0     00008361  SysCtl_selectXTAL                        
0     000083cc  SysCtl_getDeviceParametric               
0     00008434  SysCtl_selectOscSource                   
0     00008488  SysCtl_getClock                          
0     000084d9  Interrupt_initModule                     
0     00008516  GPIO_setMasterCore                       
0     0000854e  GPIO_setQualificationMode                
0     00008586  GPIO_setPinConfig                        
0     000085bd  GPIO_setDirectionMode                    
0     000085ee  ADC_setMode                              
0     0000861d  __TI_decompress_lzss                     
0     0000864b  __TI_auto_init_nobinit_nopinit           
0     00008676  C$$EXIT                                  
0     00008676  abort                                    
0     00008678  exit                                     
0     00008702  Interrupt_initVectorTable                
0     00008720  memcpy                                   
0     00008772  SysCtl_getLowSpeedClock                  
0     000087a5  _c_int00                                 
0     000087f4  _args_main                               
0     0000883b  __TI_zero_init_nomemset                  
0     0000885c  _register_unlock                         
0     00008860  _register_lock                           
0     00008864  _nop                                     
0     0000886d  __TI_decompress_none                     
0     0000887e  _system_pre_init                         
0     0000b0ab  Device_init                              
0     0000b0ed  Device_enableAllPeripherals              
0     0000b1d8  Device_initGPIO                          
0     0000b1f9  Device_enableUnbondedGPIOPullupsFor176Pin
0     0000b20c  Device_enableUnbondedGPIOPullupsFor100Pin
0     0000b229  Device_enableUnbondedGPIOPullups         
0     0000b23f  Device_configureTMXAnalogTrim            
0     0000b270  Device_bootCPU2                          
0     0000b3ea  __error__                                
0     0000b3f1  Example_setResultPass                    
0     0000b3f6  Example_setResultFail                    
0     0000b3fb  Example_done                             
0     0000b3fc  SysCtl_setClock                          
0     0000b76f  initEPWM1                                
0     0000b799  ADC_setOffsetTrim                        
0     0000b7ff  _system_post_cinit                       
1     00000400  __stack                                  
1     00000500  __TI_STACK_END                           
1     0000ab80  adcAResults1                             
1     0000ab81  adcAResults2                             
1     0000ab82  current_in                               
1     0000ab84  current_out                              
1     0000ab86  voltage_in                               
1     0000ab88  voltage_out                              
1     0000ab8a  power_in                                 
1     0000ab8c  power_out                                
1     0000ab8e  prev_power_in                            
1     0000ab90  prev_power_out                           
1     0000ab92  Example_Result                           
1     0000ab94  Example_PassCount                        
1     0000ab96  Example_Fail                             
1     0000ab98  __TI_enable_exit_profile_output          
1     0000ab9a  __TI_cleanup_ptr                         
1     0000ab9c  __TI_dtors_ptr                           
1     0000ab9e  _lock                                    
1     0000aba0  _unlock                                  
abs   00000100  __TI_STACK_SIZE                          
abs   ffffffff  __TI_pprof_out_hndl                      
abs   ffffffff  __TI_prof_data_size                      
abs   ffffffff  __TI_prof_data_start                     
n/a   UNDEFED   __c_args__                               

[79 symbols]
